Archive member included to satisfy reference by file (symbol)

C:/ST/STM32CubeIDE_1.13.1/STM32CubeIDE/plugins/com.st.stm32cube.ide.mcu.externaltools.gnu-tools-for-stm32.13.3.rel1.win32_1.0.0.202411081344/tools/bin/../lib/gcc/arm-none-eabi/13.3.1/../../../../arm-none-eabi/lib/thumb/v7e-m+fp/hard\libc_nano.a(libc_a-exit.o)
                              C:/ST/STM32CubeIDE_1.13.1/STM32CubeIDE/plugins/com.st.stm32cube.ide.mcu.externaltools.gnu-tools-for-stm32.13.3.rel1.win32_1.0.0.202411081344/tools/bin/../lib/gcc/arm-none-eabi/13.3.1/../../../../arm-none-eabi/lib/thumb/v7e-m+fp/hard/crt0.o (exit)
C:/ST/STM32CubeIDE_1.13.1/STM32CubeIDE/plugins/com.st.stm32cube.ide.mcu.externaltools.gnu-tools-for-stm32.13.3.rel1.win32_1.0.0.202411081344/tools/bin/../lib/gcc/arm-none-eabi/13.3.1/../../../../arm-none-eabi/lib/thumb/v7e-m+fp/hard\libc_nano.a(libc_a-findfp.o)
                              C:/ST/STM32CubeIDE_1.13.1/STM32CubeIDE/plugins/com.st.stm32cube.ide.mcu.externaltools.gnu-tools-for-stm32.13.3.rel1.win32_1.0.0.202411081344/tools/bin/../lib/gcc/arm-none-eabi/13.3.1/../../../../arm-none-eabi/lib/thumb/v7e-m+fp/hard\libc_nano.a(libc_a-exit.o) (__stdio_exit_handler)
C:/ST/STM32CubeIDE_1.13.1/STM32CubeIDE/plugins/com.st.stm32cube.ide.mcu.externaltools.gnu-tools-for-stm32.13.3.rel1.win32_1.0.0.202411081344/tools/bin/../lib/gcc/arm-none-eabi/13.3.1/../../../../arm-none-eabi/lib/thumb/v7e-m+fp/hard\libc_nano.a(libc_a-fwalk.o)
                              C:/ST/STM32CubeIDE_1.13.1/STM32CubeIDE/plugins/com.st.stm32cube.ide.mcu.externaltools.gnu-tools-for-stm32.13.3.rel1.win32_1.0.0.202411081344/tools/bin/../lib/gcc/arm-none-eabi/13.3.1/../../../../arm-none-eabi/lib/thumb/v7e-m+fp/hard\libc_nano.a(libc_a-findfp.o) (_fwalk_sglue)
C:/ST/STM32CubeIDE_1.13.1/STM32CubeIDE/plugins/com.st.stm32cube.ide.mcu.externaltools.gnu-tools-for-stm32.13.3.rel1.win32_1.0.0.202411081344/tools/bin/../lib/gcc/arm-none-eabi/13.3.1/../../../../arm-none-eabi/lib/thumb/v7e-m+fp/hard\libc_nano.a(libc_a-stdio.o)
                              C:/ST/STM32CubeIDE_1.13.1/STM32CubeIDE/plugins/com.st.stm32cube.ide.mcu.externaltools.gnu-tools-for-stm32.13.3.rel1.win32_1.0.0.202411081344/tools/bin/../lib/gcc/arm-none-eabi/13.3.1/../../../../arm-none-eabi/lib/thumb/v7e-m+fp/hard\libc_nano.a(libc_a-findfp.o) (__sread)
C:/ST/STM32CubeIDE_1.13.1/STM32CubeIDE/plugins/com.st.stm32cube.ide.mcu.externaltools.gnu-tools-for-stm32.13.3.rel1.win32_1.0.0.202411081344/tools/bin/../lib/gcc/arm-none-eabi/13.3.1/../../../../arm-none-eabi/lib/thumb/v7e-m+fp/hard\libc_nano.a(libc_a-memset.o)
                              C:/ST/STM32CubeIDE_1.13.1/STM32CubeIDE/plugins/com.st.stm32cube.ide.mcu.externaltools.gnu-tools-for-stm32.13.3.rel1.win32_1.0.0.202411081344/tools/bin/../lib/gcc/arm-none-eabi/13.3.1/../../../../arm-none-eabi/lib/thumb/v7e-m+fp/hard/crt0.o (memset)
C:/ST/STM32CubeIDE_1.13.1/STM32CubeIDE/plugins/com.st.stm32cube.ide.mcu.externaltools.gnu-tools-for-stm32.13.3.rel1.win32_1.0.0.202411081344/tools/bin/../lib/gcc/arm-none-eabi/13.3.1/../../../../arm-none-eabi/lib/thumb/v7e-m+fp/hard\libc_nano.a(libc_a-closer.o)
                              C:/ST/STM32CubeIDE_1.13.1/STM32CubeIDE/plugins/com.st.stm32cube.ide.mcu.externaltools.gnu-tools-for-stm32.13.3.rel1.win32_1.0.0.202411081344/tools/bin/../lib/gcc/arm-none-eabi/13.3.1/../../../../arm-none-eabi/lib/thumb/v7e-m+fp/hard\libc_nano.a(libc_a-stdio.o) (_close_r)
C:/ST/STM32CubeIDE_1.13.1/STM32CubeIDE/plugins/com.st.stm32cube.ide.mcu.externaltools.gnu-tools-for-stm32.13.3.rel1.win32_1.0.0.202411081344/tools/bin/../lib/gcc/arm-none-eabi/13.3.1/../../../../arm-none-eabi/lib/thumb/v7e-m+fp/hard\libc_nano.a(libc_a-reent.o)
                              C:/ST/STM32CubeIDE_1.13.1/STM32CubeIDE/plugins/com.st.stm32cube.ide.mcu.externaltools.gnu-tools-for-stm32.13.3.rel1.win32_1.0.0.202411081344/tools/bin/../lib/gcc/arm-none-eabi/13.3.1/../../../../arm-none-eabi/lib/thumb/v7e-m+fp/hard\libc_nano.a(libc_a-closer.o) (errno)
C:/ST/STM32CubeIDE_1.13.1/STM32CubeIDE/plugins/com.st.stm32cube.ide.mcu.externaltools.gnu-tools-for-stm32.13.3.rel1.win32_1.0.0.202411081344/tools/bin/../lib/gcc/arm-none-eabi/13.3.1/../../../../arm-none-eabi/lib/thumb/v7e-m+fp/hard\libc_nano.a(libc_a-impure.o)
                              C:/ST/STM32CubeIDE_1.13.1/STM32CubeIDE/plugins/com.st.stm32cube.ide.mcu.externaltools.gnu-tools-for-stm32.13.3.rel1.win32_1.0.0.202411081344/tools/bin/../lib/gcc/arm-none-eabi/13.3.1/../../../../arm-none-eabi/lib/thumb/v7e-m+fp/hard\libc_nano.a(libc_a-reent.o) (_impure_ptr)
C:/ST/STM32CubeIDE_1.13.1/STM32CubeIDE/plugins/com.st.stm32cube.ide.mcu.externaltools.gnu-tools-for-stm32.13.3.rel1.win32_1.0.0.202411081344/tools/bin/../lib/gcc/arm-none-eabi/13.3.1/../../../../arm-none-eabi/lib/thumb/v7e-m+fp/hard\libc_nano.a(libc_a-lseekr.o)
[...]
Memory Configuration

Name             Origin             Length             Attributes
RAM              0x20000000         0x00020000         xrw
FLASH            0x08000000         0x00080000         xr
*default*        0x00000000         0xffffffff

Linker script and memory map

LOAD C:/ST/STM32CubeIDE_1.13.1/STM32CubeIDE/plugins/com.st.stm32cube.ide.mcu.externaltools.gnu-tools-for-stm32.13.3.rel1.win32_1.0.0.202411081344/tools/bin/../lib/gcc/arm-none-eabi/13.3.1/thumb/v7e-m+fp/hard/crti.o
LOAD C:/ST/STM32CubeIDE_1.13.1/STM32CubeIDE/plugins/com.st.stm32cube.ide.mcu.externaltools.gnu-tools-for-stm32.13.3.rel1.win32_1.0.0.202411081344/tools/bin/../lib/gcc/arm-none-eabi/13.3.1/thumb/v7e-m+fp/hard/crtbegin.o
LOAD C:/ST/STM32CubeIDE_1.13.1/STM32CubeIDE/plugins/com.st.stm32cube.ide.mcu.externaltools.gnu-tools-for-stm32.13.3.rel1.win32_1.0.0.202411081344/tools/bin/../lib/gcc/arm-none-eabi/13.3.1/../../../../arm-none-eabi/lib/thumb/v7e-m+fp/hard/crt0.o
LOAD ./Core/Src/can.o
LOAD ./Core/Src/gpio.o
LOAD ./Core/Src/main.o
LOAD ./Core/Src/stm32f4xx_hal_msp.o
LOAD ./Core/Src/stm32f4xx_it.o
LOAD ./Core/Src/syscalls.o
LOAD ./Core/Src/sysmem.o
LOAD ./Core/Src/system_stm32f4xx.o
LOAD ./Core/Src/usart.o
LOAD ./Core/Src/vehiclefulectri.o
LOAD ./Core/Startup/startup_stm32f446retx.o
LOAD ./Drivers/STM32F4xx_HAL_Driver/Src/stm32f4xx_hal.o
LOAD ./Drivers/STM32F4xx_HAL_Driver/Src/stm32f4xx_hal_can.o
LOAD ./Drivers/STM32F4xx_HAL_Driver/Src/stm32f4xx_hal_cortex.o
LOAD ./Drivers/STM32F4xx_HAL_Driver/Src/stm32f4xx_hal_dma.o
LOAD ./Drivers/STM32F4xx_HAL_Driver/Src/stm32f4xx_hal_dma_ex.o
LOAD ./Drivers/STM32F4xx_HAL_Driver/Src/stm32f4xx_hal_exti.o
LOAD ./Drivers/STM32F4xx_HAL_Driver/Src/stm32f4xx_hal_flash.o
LOAD ./Drivers/STM32F4xx_HAL_Driver/Src/stm32f4xx_hal_flash_ex.o
LOAD ./Drivers/STM32F4xx_HAL_Driver/Src/stm32f4xx_hal_flash_ramfunc.o
LOAD ./Drivers/STM32F4xx_HAL_Driver/Src/stm32f4xx_hal_gpio.o
LOAD ./Drivers/STM32F4xx_HAL_Driver/Src/stm32f4xx_hal_pwr.o
LOAD ./Drivers/STM32F4xx_HAL_Driver/Src/stm32f4xx_hal_pwr_ex.o
LOAD ./Drivers/STM32F4xx_HAL_Driver/Src/stm32f4xx_hal_rcc.o
LOAD ./Drivers/STM32F4xx_HAL_Driver/Src/stm32f4xx_hal_rcc_ex.o
LOAD ./Drivers/STM32F4xx_HAL_Driver/Src/stm32f4xx_hal_uart.o
START GROUP
LOAD C:/ST/STM32CubeIDE_1.13.1/STM32CubeIDE/plugins/com.st.stm32cube.ide.mcu.externaltools.gnu-tools-for-stm32.13.3.rel1.win32_1.0.0.202411081344/tools/bin/../lib/gcc/arm-none-eabi/13.3.1/../../../../arm-none-eabi/lib/thumb/v7e-m+fp/hard\libc_nano.a
LOAD C:/ST/STM32CubeIDE_1.13.1/STM32CubeIDE/plugins/com.st.stm32cube.ide.mcu.externaltools.gnu-tools-for-stm32.13.3.rel1.win32_1.0.0.202411081344/tools/bin/../lib/gcc/arm-none-eabi/13.3.1/../../../../arm-none-eabi/lib/thumb/v7e-m+fp/hard\libm.a
END GROUP
START GROUP
LOAD C:/ST/STM32CubeIDE_1.13.1/STM32CubeIDE/plugins/com.st.stm32cube.ide.mcu.externaltools.gnu-tools-for-stm32.13.3.rel1.win32_1.0.0.202411081344/tools/bin/../lib/gcc/arm-none-eabi/13.3.1/thumb/v7e-m+fp/hard\libgcc.a
LOAD C:/ST/STM32CubeIDE_1.13.1/STM32CubeIDE/plugins/com.st.stm32cube.ide.mcu.externaltools.gnu-tools-for-stm32.13.3.rel1.win32_1.0.0.202411081344/tools/bin/../lib/gcc/arm-none-eabi/13.3.1/../../../../arm-none-eabi/lib/thumb/v7e-m+fp/hard\libc_nano.a
END GROUP
START GROUP
LOAD C:/ST/STM32CubeIDE_1.13.1/STM32CubeIDE/plugins/com.st.stm32cube.ide.mcu.externaltools.gnu-tools-for-stm32.13.3.rel1.win32_1.0.0.202411081344/tools/bin/../lib/gcc/arm-none-eabi/13.3.1/thumb/v7e-m+fp/hard\libgcc.a
LOAD C:/ST/STM32CubeIDE_1.13.1/STM32CubeIDE/plugins/com.st.stm32cube.ide.mcu.externaltools.gnu-tools-for-stm32.13.3.rel1.win32_1.0.0.202411081344/tools/bin/../lib/gcc/arm-none-eabi/13.3.1/../../../../arm-none-eabi/lib/thumb/v7e-m+fp/hard\libc_nano.a
LOAD C:/ST/STM32CubeIDE_1.13.1/STM32CubeIDE/plugins/com.st.stm32cube.ide.mcu.externaltools.gnu-tools-for-stm32.13.3.rel1.win32_1.0.0.202411081344/tools/bin/../lib/gcc/arm-none-eabi/13.3.1/../../../../arm-none-eabi/lib/thumb/v7e-m+fp/hard\libnosys.a
END GROUP
START GROUP
LOAD C:/ST/STM32CubeIDE_1.13.1/STM32CubeIDE/plugins/com.st.stm32cube.ide.mcu.externaltools.gnu-tools-for-stm32.13.3.rel1.win32_1.0.0.202411081344/tools/bin/../lib/gcc/arm-none-eabi/13.3.1/thumb/v7e-m+fp/hard\libgcc.a
LOAD C:/ST/STM32CubeIDE_1.13.1/STM32CubeIDE/plugins/com.st.stm32cube.ide.mcu.externaltools.gnu-tools-for-stm32.13.3.rel1.win32_1.0.0.202411081344/tools/bin/../lib/gcc/arm-none-eabi/13.3.1/../../../../arm-none-eabi/lib/thumb/v7e-m+fp/hard\libc_nano.a
LOAD C:/ST/STM32CubeIDE_1.13.1/STM32CubeIDE/plugins/com.st.stm32cube.ide.mcu.externaltools.gnu-tools-for-stm32.13.3.rel1.win32_1.0.0.202411081344/tools/bin/../lib/gcc/arm-none-eabi/13.3.1/../../../../arm-none-eabi/lib/thumb/v7e-m+fp/hard\libnosys.a
END GROUP
LOAD C:/ST/STM32CubeIDE_1.13.1/STM32CubeIDE/plugins/com.st.stm32cube.ide.mcu.externaltools.gnu-tools-for-stm32.13.3.rel1.win32_1.0.0.202411081344/tools/bin/../lib/gcc/arm-none-eabi/13.3.1/thumb/v7e-m+fp/hard/crtend.o
LOAD C:/ST/STM32CubeIDE_1.13.1/STM32CubeIDE/plugins/com.st.stm32cube.ide.mcu.externaltools.gnu-tools-for-stm32.13.3.rel1.win32_1.0.0.202411081344/tools/bin/../lib/gcc/arm-none-eabi/13.3.1/thumb/v7e-m+fp/hard/crtn.o
                0x20020000                        _estack = (ORIGIN (RAM) + LENGTH (RAM))
                0x00000200                        _Min_Heap_Size = 0x200
                0x00000400                        _Min_Stack_Size = 0x400

.isr_vector     0x08000000      0x1c4
                0x08000000                        . = ALIGN (0x4)
 *(.isr_vector)
 .isr_vector    0x08000000      0x1c4 ./Core/Startup/startup_stm32f446retx.o
                0x08000000                g_pfnVectors
                0x080001c4                        . = ALIGN (0x4)

.text           0x080001c4     0x34f4
                0x080001c4                        . = ALIGN (0x4)
 *(.text)
 .text          0x080001c4       0x40 C:/ST/STM32CubeIDE_1.13.1/STM32CubeIDE/plugins/com.st.stm32cube.ide.mcu.externaltools.gnu-tools-for-stm32.13.3.rel1.win32_1.0.0.202411081344/tools/bin/../lib/gcc/arm-none-eabi/13.3.1/thumb/v7e-m+fp/hard/crtbegin.o
 .text          0x08000204       0x30 C:/ST/STM32CubeIDE_1.13.1/STM32CubeIDE/plugins/com.st.stm32cube.ide.mcu.externaltools.gnu-tools-for-stm32.13.3.rel1.win32_1.0.0.202411081344/tools/bin/../lib/gcc/arm-none-eabi/13.3.1/thumb/v7e-m+fp/hard\libgcc.a(_aeabi_uldivmod.o)
                0x08000204                __aeabi_uldivmod
 .text          0x08000234      0x2f8 C:/ST/STM32CubeIDE_1.13.1/STM32CubeIDE/plugins/com.st.stm32cube.ide.mcu.externaltools.gnu-tools-for-stm32.13.3.rel1.win32_1.0.0.202411081344/tools/bin/../lib/gcc/arm-none-eabi/13.3.1/thumb/v7e-m+fp/hard\libgcc.a(_udivmoddi4.o)
                0x08000234                __udivmoddi4
 .text          0x0800052c        0x4 C:/ST/STM32CubeIDE_1.13.1/STM32CubeIDE/plugins/com.st.stm32cube.ide.mcu.externaltools.gnu-tools-for-stm32.13.3.rel1.win32_1.0.0.202411081344/tools/bin/../lib/gcc/arm-none-eabi/13.3.1/thumb/v7e-m+fp/hard\libgcc.a(_dvmd_tls.o)
                0x0800052c                __aeabi_idiv0
                0x0800052c                __aeabi_ldiv0
 *(.text*)
 .text.MX_CAN1_Init
                0x08000530       0xac ./Core/Src/can.o
                0x08000530                MX_CAN1_Init
 .text.HAL_CAN_MspInit
                0x080005dc       0xa0 ./Core/Src/can.o
                0x080005dc                HAL_CAN_MspInit
 .text.MX_GPIO_Init
                0x0800067c       0xc0 ./Core/Src/gpio.o
                0x0800067c                MX_GPIO_Init
 .text.main     0x0800073c       0xb4 ./Core/Src/main.o
                0x0800073c                main
 .text.HAL_CAN_RxFifo0MsgPendingCallback
                0x080007f0       0x3c ./Core/Src/main.o
                0x080007f0                HAL_CAN_RxFifo0MsgPendingCallback
 .text.SystemClock_Config
                0x0800082c       0xe4 ./Core/Src/main.o
                0x0800082c                SystemClock_Config
 .text.Error_Handler
                0x08000910        0xc ./Core/Src/main.o
                0x08000910                Error_Handler
 .text.HAL_MspInit
                0x0800091c       0x50 ./Core/Src/stm32f4xx_hal_msp.o
                0x0800091c                HAL_MspInit
 .text.NMI_Handler
                0x0800096c        0x8 ./Core/Src/stm32f4xx_it.o
                0x0800096c                NMI_Handler
 .text.HardFault_Handler
                0x08000974        0x8 ./Core/Src/stm32f4xx_it.o
                0x08000974                HardFault_Handler
 .text.MemManage_Handler
                0x0800097c        0x8 ./Core/Src/stm32f4xx_it.o
                0x0800097c                MemManage_Handler
 .text.BusFault_Handler
                0x08000984        0x8 ./Core/Src/stm32f4xx_it.o
                0x08000984                BusFault_Handler
 .text.UsageFault_Handler
                0x0800098c        0x8 ./Core/Src/stm32f4xx_it.o
                0x0800098c                UsageFault_Handler
 .text.SVC_Handler
                0x08000994        0xe ./Core/Src/stm32f4xx_it.o
                0x08000994                SVC_Handler
 .text.DebugMon_Handler
                0x080009a2        0xe ./Core/Src/stm32f4xx_it.o
                0x080009a2                DebugMon_Handler
 .text.PendSV_Handler
                0x080009b0        0xe ./Core/Src/stm32f4xx_it.o
                0x080009b0                PendSV_Handler
 .text.SysTick_Handler
                0x080009be        0xc ./Core/Src/stm32f4xx_it.o
                0x080009be                SysTick_Handler
 *fill*         0x080009ca        0x2 
 .text.CAN1_RX0_IRQHandler
                0x080009cc       0x14 ./Core/Src/stm32f4xx_it.o
                0x080009cc                CAN1_RX0_IRQHandler
 .text.SystemInit
                0x080009e0       0x24 ./Core/Src/system_stm32f4xx.o
                0x080009e0                SystemInit
 .text.MX_USART2_UART_Init
                0x08000a04       0x54 ./Core/Src/usart.o
                0x08000a04                MX_USART2_UART_Init
 .text.HAL_UART_MspInit
                0x08000a58       0x90 ./Core/Src/usart.o
                0x08000a58                HAL_UART_MspInit
 .text.sendFuelEconomyMessage
                0x08000ae8       0x48 ./Core/Src/vehiclefulectri.o
                0x08000ae8                sendFuelEconomyMessage
 .text.sendFuelStatusMessage
                0x08000b30       0x48 ./Core/Src/vehiclefulectri.o
                0x08000b30                sendFuelStatusMessage
 .text.sendBatteryStatusMessage
                0x08000b78       0x48 ./Core/Src/vehiclefulectri.o
                0x08000b78                sendBatteryStatusMessage
 .text.sendNavigationStatusMessage
                0x08000bc0       0x48 ./Core/Src/vehiclefulectri.o
                0x08000bc0                sendNavigationStatusMessage
 .text.sendClimatControlMessage
                0x08000c08       0x48 ./Core/Src/vehiclefulectri.o
                0x08000c08                sendClimatControlMessage
 .text.sendTireStatusMessage
                0x08000c50       0x48 ./Core/Src/vehiclefulectri.o
                0x08000c50                sendTireStatusMessage
 .text.FuelEconomy_Ctrl
                0x08000c98       0xa0 ./Core/Src/vehiclefulectri.o
                0x08000c98                FuelEconomy_Ctrl
 .text.FuelStatus_Status
                0x08000d38       0x9c ./Core/Src/vehiclefulectri.o
                0x08000d38                FuelStatus_Status
 .text.BatteryStatus_Status
                0x08000dd4       0x74 ./Core/Src/vehiclefulectri.o
                0x08000dd4                BatteryStatus_Status
 .text.ClimatControl_Status
                0x08000e48       0x54 ./Core/Src/vehiclefulectri.o
                0x08000e48                ClimatControl_Status
 .text.NavigationStatus_Status
                0x08000e9c       0x54 ./Core/Src/vehiclefulectri.o
                0x08000e9c                NavigationStatus_Status
 .text.TireStatus_Status
                0x08000ef0       0x58 ./Core/Src/vehiclefulectri.o
                0x08000ef0                TireStatus_Status
 .text.handleCANRxMessage
                0x08000f48      0x108 ./Core/Src/vehiclefulectri.o
                0x08000f48                handleCANRxMessage
 .text.Reset_Handler
                0x08001050       0x50 ./Core/Startup/startup_stm32f446retx.o
                0x08001050                Reset_Handler
 .text.Default_Handler
                0x080010a0        0x2 ./Core/Startup/startup_stm32f446retx.o
                0x080010a0                RTC_Alarm_IRQHandler
                0x080010a0                EXTI2_IRQHandler
                0x080010a0                TIM8_CC_IRQHandler
                0x080010a0                FMPI2C1_EV_IRQHandler
                0x080010a0                SPI4_IRQHandler
                0x080010a0                TIM1_CC_IRQHandler
                0x080010a0                DMA2_Stream5_IRQHandler
                0x080010a0                DMA1_Stream5_IRQHandler
                0x080010a0                PVD_IRQHandler
                0x080010a0                SDIO_IRQHandler
                0x080010a0                TAMP_STAMP_IRQHandler
                0x080010a0                CAN2_RX1_IRQHandler
                0x080010a0                EXTI3_IRQHandler
                0x080010a0                TIM8_TRG_COM_TIM14_IRQHandler
                0x080010a0                TIM1_UP_TIM10_IRQHandler
                0x080010a0                TIM8_UP_TIM13_IRQHandler
                0x080010a0                I2C3_ER_IRQHandler
                0x080010a0                EXTI0_IRQHandler
                0x080010a0                I2C2_EV_IRQHandler
                0x080010a0                DMA1_Stream2_IRQHandler
                0x080010a0                FPU_IRQHandler
                0x080010a0                OTG_HS_WKUP_IRQHandler
                0x080010a0                CAN2_SCE_IRQHandler
                0x080010a0                DMA2_Stream2_IRQHandler
                0x080010a0                SPI1_IRQHandler
                0x080010a0                TIM6_DAC_IRQHandler
                0x080010a0                TIM1_BRK_TIM9_IRQHandler
                0x080010a0                DCMI_IRQHandler
                0x080010a0                CAN2_RX0_IRQHandler
                0x080010a0                DMA2_Stream3_IRQHandler
                0x080010a0                SAI2_IRQHandler
                0x080010a0                USART6_IRQHandler
                0x080010a0                USART3_IRQHandler
                0x080010a0                CAN1_RX1_IRQHandler
                0x080010a0                UART5_IRQHandler
                0x080010a0                DMA2_Stream0_IRQHandler
                0x080010a0                TIM4_IRQHandler
                0x080010a0                QUADSPI_IRQHandler
                0x080010a0                I2C1_EV_IRQHandler
                0x080010a0                DMA1_Stream6_IRQHandler
                0x080010a0                DMA1_Stream1_IRQHandler
                0x080010a0                UART4_IRQHandler
                0x080010a0                TIM3_IRQHandler
                0x080010a0                RCC_IRQHandler
                0x080010a0                TIM8_BRK_TIM12_IRQHandler
                0x080010a0                Default_Handler
                0x080010a0                CEC_IRQHandler
                0x080010a0                EXTI15_10_IRQHandler
                0x080010a0                ADC_IRQHandler
                0x080010a0                DMA1_Stream7_IRQHandler
                0x080010a0                TIM7_IRQHandler
                0x080010a0                CAN2_TX_IRQHandler
                0x080010a0                TIM5_IRQHandler
                0x080010a0                DMA2_Stream7_IRQHandler
                0x080010a0                I2C3_EV_IRQHandler
                0x080010a0                EXTI9_5_IRQHandler
                0x080010a0                RTC_WKUP_IRQHandler
                0x080010a0                SPDIF_RX_IRQHandler
                0x080010a0                SPI2_IRQHandler
                0x080010a0                OTG_HS_EP1_IN_IRQHandler
                0x080010a0                DMA1_Stream0_IRQHandler
                0x080010a0                CAN1_TX_IRQHandler
                0x080010a0                FMPI2C1_ER_IRQHandler
                0x080010a0                EXTI4_IRQHandler
                0x080010a0                OTG_HS_EP1_OUT_IRQHandler
                0x080010a0                WWDG_IRQHandler
                0x080010a0                TIM2_IRQHandler
                0x080010a0                OTG_FS_WKUP_IRQHandler
                0x080010a0                TIM1_TRG_COM_TIM11_IRQHandler
                0x080010a0                OTG_HS_IRQHandler
                0x080010a0                EXTI1_IRQHandler
                0x080010a0                USART2_IRQHandler
                0x080010a0                I2C2_ER_IRQHandler
                0x080010a0                DMA2_Stream1_IRQHandler
                0x080010a0                CAN1_SCE_IRQHandler
                0x080010a0                FLASH_IRQHandler
                0x080010a0                DMA2_Stream4_IRQHandler
                0x080010a0                USART1_IRQHandler
                0x080010a0                OTG_FS_IRQHandler
                0x080010a0                SPI3_IRQHandler
                0x080010a0                DMA1_Stream4_IRQHandler
                0x080010a0                I2C1_ER_IRQHandler
                0x080010a0                FMC_IRQHandler
                0x080010a0                DMA2_Stream6_IRQHandler
                0x080010a0                SAI1_IRQHandler
                0x080010a0                DMA1_Stream3_IRQHandler
 *fill*         0x080010a2        0x2 
 .text.HAL_Init
                0x080010a4       0x44 ./Drivers/STM32F4xx_HAL_Driver/Src/stm32f4xx_hal.o
                0x080010a4                HAL_Init
 .text.HAL_InitTick
                0x080010e8       0x60 ./Drivers/STM32F4xx_HAL_Driver/Src/stm32f4xx_hal.o
                0x080010e8                HAL_InitTick
 .text.HAL_IncTick
                0x08001148       0x28 ./Drivers/STM32F4xx_HAL_Driver/Src/stm32f4xx_hal.o
                0x08001148                HAL_IncTick
 .text.HAL_GetTick
                0x08001170       0x18 ./Drivers/STM32F4xx_HAL_Driver/Src/stm32f4xx_hal.o
                0x08001170                HAL_GetTick
 .text.HAL_Delay
                0x08001188       0x48 ./Drivers/STM32F4xx_HAL_Driver/Src/stm32f4xx_hal.o
                0x08001188                HAL_Delay
 .text.HAL_CAN_Init
                0x080011d0      0x1f6 ./Drivers/STM32F4xx_HAL_Driver/Src/stm32f4xx_hal_can.o
                0x080011d0                HAL_CAN_Init
 *fill*         0x080013c6        0x2 
 .text.HAL_CAN_ConfigFilter
                0x080013c8      0x1bc ./Drivers/STM32F4xx_HAL_Driver/Src/stm32f4xx_hal_can.o
                0x080013c8                HAL_CAN_ConfigFilter
 .text.HAL_CAN_Start
                0x08001584       0x88 ./Drivers/STM32F4xx_HAL_Driver/Src/stm32f4xx_hal_can.o
                0x08001584                HAL_CAN_Start
 .text.HAL_CAN_AddTxMessage
                0x0800160c      0x1a0 ./Drivers/STM32F4xx_HAL_Driver/Src/stm32f4xx_hal_can.o
                0x0800160c                HAL_CAN_AddTxMessage
 .text.HAL_CAN_GetRxMessage
                0x080017ac      0x244 ./Drivers/STM32F4xx_HAL_Driver/Src/stm32f4xx_hal_can.o
                0x080017ac                HAL_CAN_GetRxMessage
 .text.HAL_CAN_ActivateNotification
                0x080019f0       0x4c ./Drivers/STM32F4xx_HAL_Driver/Src/stm32f4xx_hal_can.o
                0x080019f0                HAL_CAN_ActivateNotification
 .text.HAL_CAN_IRQHandler
                0x08001a3c      0x36e ./Drivers/STM32F4xx_HAL_Driver/Src/stm32f4xx_hal_can.o
                0x08001a3c                HAL_CAN_IRQHandler
 .text.HAL_CAN_TxMailbox0CompleteCallback
                0x08001daa       0x14 ./Drivers/STM32F4xx_HAL_Driver/Src/stm32f4xx_hal_can.o
                0x08001daa                HAL_CAN_TxMailbox0CompleteCallback
 .text.HAL_CAN_TxMailbox1CompleteCallback
                0x08001dbe       0x14 ./Drivers/STM32F4xx_HAL_Driver/Src/stm32f4xx_hal_can.o
                0x08001dbe                HAL_CAN_TxMailbox1CompleteCallback
 .text.HAL_CAN_TxMailbox2CompleteCallback
                0x08001dd2       0x14 ./Drivers/STM32F4xx_HAL_Driver/Src/stm32f4xx_hal_can.o
                0x08001dd2                HAL_CAN_TxMailbox2CompleteCallback
 .text.HAL_CAN_TxMailbox0AbortCallback
                0x08001de6       0x14 ./Drivers/STM32F4xx_HAL_Driver/Src/stm32f4xx_hal_can.o
                0x08001de6                HAL_CAN_TxMailbox0AbortCallback
 .text.HAL_CAN_TxMailbox1AbortCallback
                0x08001dfa       0x14 ./Drivers/STM32F4xx_HAL_Driver/Src/stm32f4xx_hal_can.o
                0x08001dfa                HAL_CAN_TxMailbox1AbortCallback
 .text.HAL_CAN_TxMailbox2AbortCallback
                0x08001e0e       0x14 ./Drivers/STM32F4xx_HAL_Driver/Src/stm32f4xx_hal_can.o
                0x08001e0e                HAL_CAN_TxMailbox2AbortCallback
 .text.HAL_CAN_RxFifo0FullCallback
                0x08001e22       0x14 ./Drivers/STM32F4xx_HAL_Driver/Src/stm32f4xx_hal_can.o
                0x08001e22                HAL_CAN_RxFifo0FullCallback
 .text.HAL_CAN_RxFifo1MsgPendingCallback
                0x08001e36       0x14 ./Drivers/STM32F4xx_HAL_Driver/Src/stm32f4xx_hal_can.o
                0x08001e36                HAL_CAN_RxFifo1MsgPendingCallback
 .text.HAL_CAN_RxFifo1FullCallback
                0x08001e4a       0x14 ./Drivers/STM32F4xx_HAL_Driver/Src/stm32f4xx_hal_can.o
                0x08001e4a                HAL_CAN_RxFifo1FullCallback
 .text.HAL_CAN_SleepCallback
                0x08001e5e       0x14 ./Drivers/STM32F4xx_HAL_Driver/Src/stm32f4xx_hal_can.o
                0x08001e5e                HAL_CAN_SleepCallback
 .text.HAL_CAN_WakeUpFromRxMsgCallback
                0x08001e72       0x14 ./Drivers/STM32F4xx_HAL_Driver/Src/stm32f4xx_hal_can.o
                0x08001e72                HAL_CAN_WakeUpFromRxMsgCallback
 .text.HAL_CAN_ErrorCallback
                0x08001e86       0x14 ./Drivers/STM32F4xx_HAL_Driver/Src/stm32f4xx_hal_can.o
                0x08001e86                HAL_CAN_ErrorCallback
 *fill*         0x08001e9a        0x2 
 .text.__NVIC_SetPriorityGrouping
                0x08001e9c       0x48 ./Drivers/STM32F4xx_HAL_Driver/Src/stm32f4xx_hal_cortex.o
 .text.__NVIC_GetPriorityGrouping
                0x08001ee4       0x1c ./Drivers/STM32F4xx_HAL_Driver/Src/stm32f4xx_hal_cortex.o
 .text.__NVIC_EnableIRQ
                0x08001f00       0x3c ./Drivers/STM32F4xx_HAL_Driver/Src/stm32f4xx_hal_cortex.o
 .text.__NVIC_SetPriority
                0x08001f3c       0x54 ./Drivers/STM32F4xx_HAL_Driver/Src/stm32f4xx_hal_cortex.o
 .text.NVIC_EncodePriority
                0x08001f90       0x66 ./Drivers/STM32F4xx_HAL_Driver/Src/stm32f4xx_hal_cortex.o
 *fill*         0x08001ff6        0x2 
 .text.SysTick_Config
                0x08001ff8       0x44 ./Drivers/STM32F4xx_HAL_Driver/Src/stm32f4xx_hal_cortex.o
 .text.HAL_NVIC_SetPriorityGrouping
                0x0800203c       0x16 ./Drivers/STM32F4xx_HAL_Driver/Src/stm32f4xx_hal_cortex.o
                0x0800203c                HAL_NVIC_SetPriorityGrouping
 .text.HAL_NVIC_SetPriority
                0x08002052       0x38 ./Drivers/STM32F4xx_HAL_Driver/Src/stm32f4xx_hal_cortex.o
                0x08002052                HAL_NVIC_SetPriority
 .text.HAL_NVIC_EnableIRQ
                0x0800208a       0x1c ./Drivers/STM32F4xx_HAL_Driver/Src/stm32f4xx_hal_cortex.o
                0x0800208a                HAL_NVIC_EnableIRQ
 .text.HAL_SYSTICK_Config
                0x080020a6       0x18 ./Drivers/STM32F4xx_HAL_Driver/Src/stm32f4xx_hal_cortex.o
                0x080020a6                HAL_SYSTICK_Config
 *fill*         0x080020be        0x2 
 .text.HAL_GPIO_Init
                0x080020c0      0x328 ./Drivers/STM32F4xx_HAL_Driver/Src/stm32f4xx_hal_gpio.o
                0x080020c0                HAL_GPIO_Init
 .text.HAL_GPIO_WritePin
                0x080023e8       0x32 ./Drivers/STM32F4xx_HAL_Driver/Src/stm32f4xx_hal_gpio.o
                0x080023e8                HAL_GPIO_WritePin
 .text.HAL_GPIO_TogglePin
                0x0800241a       0x34 ./Drivers/STM32F4xx_HAL_Driver/Src/stm32f4xx_hal_gpio.o
                0x0800241a                HAL_GPIO_TogglePin
 *fill*         0x0800244e        0x2 
 .text.HAL_PWREx_EnableOverDrive
                0x08002450       0xa0 ./Drivers/STM32F4xx_HAL_Driver/Src/stm32f4xx_hal_pwr_ex.o
                0x08002450                HAL_PWREx_EnableOverDrive
 .text.HAL_RCC_ClockConfig
                0x080024f0      0x1cc ./Drivers/STM32F4xx_HAL_Driver/Src/stm32f4xx_hal_rcc.o
                0x080024f0                HAL_RCC_ClockConfig
 .text.HAL_RCC_GetHCLKFreq
                0x080026bc       0x18 ./Drivers/STM32F4xx_HAL_Driver/Src/stm32f4xx_hal_rcc.o
                0x080026bc                HAL_RCC_GetHCLKFreq
 .text.HAL_RCC_GetPCLK1Freq
                0x080026d4       0x28 ./Drivers/STM32F4xx_HAL_Driver/Src/stm32f4xx_hal_rcc.o
                0x080026d4                HAL_RCC_GetPCLK1Freq
 .text.HAL_RCC_GetPCLK2Freq
                0x080026fc       0x28 ./Drivers/STM32F4xx_HAL_Driver/Src/stm32f4xx_hal_rcc.o
                0x080026fc                HAL_RCC_GetPCLK2Freq
 .text.HAL_RCC_GetSysClockFreq
                0x08002724      0x460 ./Drivers/STM32F4xx_HAL_Driver/Src/stm32f4xx_hal_rcc_ex.o
                0x08002724                HAL_RCC_GetSysClockFreq
 .text.HAL_RCC_OscConfig
                0x08002b84      0x53c ./Drivers/STM32F4xx_HAL_Driver/Src/stm32f4xx_hal_rcc_ex.o
                0x08002b84                HAL_RCC_OscConfig
 .text.HAL_UART_Init
                0x080030c0       0xa0 ./Drivers/STM32F4xx_HAL_Driver/Src/stm32f4xx_hal_uart.o
                0x080030c0                HAL_UART_Init
 .text.UART_SetConfig
                0x08003160      0x4e8 ./Drivers/STM32F4xx_HAL_Driver/Src/stm32f4xx_hal_uart.o
 .text.memset   0x08003648       0x10 C:/ST/STM32CubeIDE_1.13.1/STM32CubeIDE/plugins/com.st.stm32cube.ide.mcu.externaltools.gnu-tools-for-stm32.13.3.rel1.win32_1.0.0.202411081344/tools/bin/../lib/gcc/arm-none-eabi/13.3.1/../../../../arm-none-eabi/lib/thumb/v7e-m+fp/hard\libc_nano.a(libc_a-memset.o)
                0x08003648                memset
 .text.__libc_init_array
                0x08003658       0x48 C:/ST/STM32CubeIDE_1.13.1/STM32CubeIDE/plugins/com.st.stm32cube.ide.mcu.externaltools.gnu-tools-for-stm32.13.3.rel1.win32_1.0.0.202411081344/tools/bin/../lib/gcc/arm-none-eabi/13.3.1/../../../../arm-none-eabi/lib/thumb/v7e-m+fp/hard\libc_nano.a(libc_a-init.o)
                0x08003658                __libc_init_array
 *(.glue_7)
 .glue_7        0x080036a0        0x0 linker stubs
 *(.glue_7t)
 .glue_7t       0x080036a0        0x0 linker stubs
 *(.eh_frame)
 .eh_frame      0x080036a0        0x0 C:/ST/STM32CubeIDE_1.13.1/STM32CubeIDE/plugins/com.st.stm32cube.ide.mcu.externaltools.gnu-tools-for-stm32.13.3.rel1.win32_1.0.0.202411081344/tools/bin/../lib/gcc/arm-none-eabi/13.3.1/thumb/v7e-m+fp/hard/crtbegin.o
 *(.init)
 .init          0x080036a0        0x4 C:/ST/STM32CubeIDE_1.13.1/STM32CubeIDE/plugins/com.st.stm32cube.ide.mcu.externaltools.gnu-tools-for-stm32.13.3.rel1.win32_1.0.0.202411081344/tools/bin/../lib/gcc/arm-none-eabi/13.3.1/thumb/v7e-m+fp/hard/crti.o
                0x080036a0                _init
 .init          0x080036a4        0x8 C:/ST/STM32CubeIDE_1.13.1/STM32CubeIDE/plugins/com.st.stm32cube.ide.mcu.externaltools.gnu-tools-for-stm32.13.3.rel1.win32_1.0.0.202411081344/tools/bin/../lib/gcc/arm-none-eabi/13.3.1/thumb/v7e-m+fp/hard/crtn.o
 *(.fini)
 .fini          0x080036ac        0x4 C:/ST/STM32CubeIDE_1.13.1/STM32CubeIDE/plugins/com.st.stm32cube.ide.mcu.externaltools.gnu-tools-for-stm32.13.3.rel1.win32_1.0.0.202411081344/tools/bin/../lib/gcc/arm-none-eabi/13.3.1/thumb/v7e-m+fp/hard/crti.o
                0x080036ac                _fini
 .fini          0x080036b0        0x8 C:/ST/STM32CubeIDE_1.13.1/STM32CubeIDE/plugins/com.st.stm32cube.ide.mcu.externaltools.gnu-tools-for-stm32.13.3.rel1.win32_1.0.0.202411081344/tools/bin/../lib/gcc/arm-none-eabi/13.3.1/thumb/v7e-m+fp/hard/crtn.o
                0x080036b8                        . = ALIGN (0x4)
                0x080036b8                        _etext = .

.vfp11_veneer   0x080036b8        0x0
 .vfp11_veneer  0x080036b8        0x0 linker stubs

.v4_bx          0x080036b8        0x0
 .v4_bx         0x080036b8        0x0 linker stubs

.iplt           0x080036b8        0x0
 .iplt          0x080036b8        0x0 C:/ST/STM32CubeIDE_1.13.1/STM32CubeIDE/plugins/com.st.stm32cube.ide.mcu.externaltools.gnu-tools-for-stm32.13.3.rel1.win32_1.0.0.202411081344/tools/bin/../lib/gcc/arm-none-eabi/13.3.1/thumb/v7e-m+fp/hard/crtbegin.o

.rodata         0x080036b8       0x18
                0x080036b8                        . = ALIGN (0x4)
 *(.rodata)
 *(.rodata*)
 .rodata.AHBPrescTable
                0x080036b8       0x10 ./Core/Src/system_stm32f4xx.o
                0x080036b8                AHBPrescTable
 .rodata.APBPrescTable
                0x080036c8        0x8 ./Core/Src/system_stm32f4xx.o
                0x080036c8                APBPrescTable
                0x080036d0                        . = ALIGN (0x4)

.ARM.extab      0x080036d0        0x0
                0x080036d0                        . = ALIGN (0x4)
 *(.ARM.extab* .gnu.linkonce.armextab.*)
                0x080036d0                        . = ALIGN (0x4)

.ARM            0x080036d0        0x8
                0x080036d0                        . = ALIGN (0x4)
                0x080036d0                        __exidx_start = .
 *(.ARM.exidx*)
 .ARM.exidx     0x080036d0        0x8 C:/ST/STM32CubeIDE_1.13.1/STM32CubeIDE/plugins/com.st.stm32cube.ide.mcu.externaltools.gnu-tools-for-stm32.13.3.rel1.win32_1.0.0.202411081344/tools/bin/../lib/gcc/arm-none-eabi/13.3.1/thumb/v7e-m+fp/hard\libgcc.a(_udivmoddi4.o)
                0x080036d8                        __exidx_end = .
                0x080036d8                        . = ALIGN (0x4)

.preinit_array  0x080036d8        0x0
                0x080036d8                        . = ALIGN (0x4)
                0x080036d8                        PROVIDE (__preinit_array_start = .)
 *(.preinit_array*)
                0x080036d8                        PROVIDE (__preinit_array_end = .)
                0x080036d8                        . = ALIGN (0x4)

.init_array     0x080036d8        0x4
                0x080036d8                        . = ALIGN (0x4)
                0x080036d8                        PROVIDE (__init_array_start = .)
 *(SORT_BY_NAME(.init_array.*))
 *(.init_array*)
 .init_array    0x080036d8        0x4 C:/ST/STM32CubeIDE_1.13.1/STM32CubeIDE/plugins/com.st.stm32cube.ide.mcu.externaltools.gnu-tools-for-stm32.13.3.rel1.win32_1.0.0.202411081344/tools/bin/../lib/gcc/arm-none-eabi/13.3.1/thumb/v7e-m+fp/hard/crtbegin.o
                0x080036dc                        PROVIDE (__init_array_end = .)
                0x080036dc                        . = ALIGN (0x4)

.fini_array     0x080036dc        0x4
                0x080036dc                        . = ALIGN (0x4)
                [!provide]                        PROVIDE (__fini_array_start = .)
 *(SORT_BY_NAME(.fini_array.*))
 *(.fini_array*)
 .fini_array    0x080036dc        0x4 C:/ST/STM32CubeIDE_1.13.1/STM32CubeIDE/plugins/com.st.stm32cube.ide.mcu.externaltools.gnu-tools-for-stm32.13.3.rel1.win32_1.0.0.202411081344/tools/bin/../lib/gcc/arm-none-eabi/13.3.1/thumb/v7e-m+fp/hard/crtbegin.o
                [!provide]                        PROVIDE (__fini_array_end = .)
                0x080036e0                        . = ALIGN (0x4)
                0x080036e0                        _sidata = LOADADDR (.data)

.rel.dyn        0x080036e0        0x0
 .rel.iplt      0x080036e0        0x0 C:/ST/STM32CubeIDE_1.13.1/STM32CubeIDE/plugins/com.st.stm32cube.ide.mcu.externaltools.gnu-tools-for-stm32.13.3.rel1.win32_1.0.0.202411081344/tools/bin/../lib/gcc/arm-none-eabi/13.3.1/thumb/v7e-m+fp/hard/crtbegin.o

.data           0x20000000        0xc load address 0x080036e0
                0x20000000                        . = ALIGN (0x4)
                0x20000000                        _sdata = .
 *(.data)
 *(.data*)
 .data.SystemCoreClock
                0x20000000        0x4 ./Core/Src/system_stm32f4xx.o
                0x20000000                SystemCoreClock
 .data.uwTickPrio
                0x20000004        0x4 ./Drivers/STM32F4xx_HAL_Driver/Src/stm32f4xx_hal.o
                0x20000004                uwTickPrio
 .data.uwTickFreq
                0x20000008        0x1 ./Drivers/STM32F4xx_HAL_Driver/Src/stm32f4xx_hal.o
                0x20000008                uwTickFreq
 *(.RamFunc)
 *(.RamFunc*)
                0x2000000c                        . = ALIGN (0x4)
 *fill*         0x20000009        0x3 
                0x2000000c                        _edata = .

.igot.plt       0x2000000c        0x0 load address 0x080036ec
 .igot.plt      0x2000000c        0x0 C:/ST/STM32CubeIDE_1.13.1/STM32CubeIDE/plugins/com.st.stm32cube.ide.mcu.externaltools.gnu-tools-for-stm32.13.3.rel1.win32_1.0.0.202411081344/tools/bin/../lib/gcc/arm-none-eabi/13.3.1/thumb/v7e-m+fp/hard/crtbegin.o
                0x2000000c                        . = ALIGN (0x4)

.bss            0x2000000c       0xd4 load address 0x080036ec
                0x2000000c                        _sbss = .
                0x2000000c                        __bss_start__ = _sbss
 *(.bss)
 .bss           0x2000000c       0x1c C:/ST/STM32CubeIDE_1.13.1/STM32CubeIDE/plugins/com.st.stm32cube.ide.mcu.externaltools.gnu-tools-for-stm32.13.3.rel1.win32_1.0.0.202411081344/tools/bin/../lib/gcc/arm-none-eabi/13.3.1/thumb/v7e-m+fp/hard/crtbegin.o
 *(.bss*)
 .bss.hcan1     0x20000028       0x28 ./Core/Src/can.o
                0x20000028                hcan1
 .bss.TxHeader  0x20000050       0x18 ./Core/Src/main.o
                0x20000050                TxHeader
 .bss.TxData    0x20000068        0x8 ./Core/Src/main.o
                0x20000068                TxData
 .bss.TxMailbox
                0x20000070        0x4 ./Core/Src/main.o
                0x20000070                TxMailbox
 .bss.huart2    0x20000074       0x48 ./Core/Src/usart.o
                0x20000074                huart2
 .bss.vehicleData
                0x200000bc        0x4 ./Core/Src/vehiclefulectri.o
                0x200000bc                vehicleData
 .bss.engineData
                0x200000c0        0x4 ./Core/Src/vehiclefulectri.o
                0x200000c0                engineData
 .bss.fuelStatus
                0x200000c4        0x6 ./Core/Src/vehiclefulectri.o
                0x200000c4                fuelStatus
 *fill*         0x200000ca        0x2 
 .bss.TireStatus
                0x200000cc        0x4 ./Core/Src/vehiclefulectri.o
                0x200000cc                TireStatus
 .bss.ClimateControl
                0x200000d0        0x4 ./Core/Src/vehiclefulectri.o
                0x200000d0                ClimateControl
 .bss.NavigationStatus
                0x200000d4        0x4 ./Core/Src/vehiclefulectri.o
                0x200000d4                NavigationStatus
 .bss.BatteryStatus
                0x200000d8        0x4 ./Core/Src/vehiclefulectri.o
                0x200000d8                BatteryStatus
 .bss.uwTick    0x200000dc        0x4 ./Drivers/STM32F4xx_HAL_Driver/Src/stm32f4xx_hal.o
                0x200000dc                uwTick
 *(COMMON)
                0x200000e0                        . = ALIGN (0x4)
                0x200000e0                        _ebss = .
                0x200000e0                        __bss_end__ = _ebss

._user_heap_stack
                0x200000e0      0x600 load address 0x080036ec
                0x200000e0                        . = ALIGN (0x8)
                [!provide]                        PROVIDE (end = .)
                0x200000e0                        PROVIDE (_end = .)
                0x200002e0                        . = (. + _Min_Heap_Size)
 *fill*         0x200000e0      0x200 
                0x200006e0                        . = (. + _Min_Stack_Size)
 *fill*         0x200002e0      0x400 
                0x200006e0                        . = ALIGN (0x8)

/DISCARD/
 libc.a(*)
 libm.a(*)
 libgcc.a(*)

.ARM.attributes
                0x00000000       0x30
 *(.ARM.attributes)
 .ARM.attributes
                0x00000000       0x22 C:/ST/STM32CubeIDE_1.13.1/STM32CubeIDE/plugins/com.st.stm32cube.ide.mcu.externaltools.gnu-tools-for-stm32.13.3.rel1.win32_1.0.0.202411081344/tools/bin/../lib/gcc/arm-none-eabi/13.3.1/thumb/v7e-m+fp/hard/crti.o
 .ARM.attributes
                0x00000022       0x34 C:/ST/STM32CubeIDE_1.13.1/STM32CubeIDE/plugins/com.st.stm32cube.ide.mcu.externaltools.gnu-tools-for-stm32.13.3.rel1.win32_1.0.0.202411081344/tools/bin/../lib/gcc/arm-none-eabi/13.3.1/thumb/v7e-m+fp/hard/crtbegin.o
 .ARM.attributes
                0x00000056       0x34 ./Core/Src/can.o
 .ARM.attributes
                0x0000008a       0x34 ./Core/Src/gpio.o
 .ARM.attributes
                0x000000be       0x34 ./Core/Src/main.o
 .ARM.attributes
                0x000000f2       0x34 ./Core/Src/stm32f4xx_hal_msp.o
 .ARM.attributes
                0x00000126       0x34 ./Core/Src/stm32f4xx_it.o
 .ARM.attributes
                0x0000015a       0x34 ./Core/Src/system_stm32f4xx.o
 .ARM.attributes
                0x0000018e       0x34 ./Core/Src/usart.o
 .ARM.attributes
                0x000001c2       0x34 ./Core/Src/vehiclefulectri.o
 .ARM.attributes
                0x000001f6       0x21 ./Core/Startup/startup_stm32f446retx.o
 .ARM.attributes
                0x00000217       0x34 ./Drivers/STM32F4xx_HAL_Driver/Src/stm32f4xx_hal.o
 .ARM.attributes
                0x0000024b       0x34 ./Drivers/STM32F4xx_HAL_Driver/Src/stm32f4xx_hal_can.o
 .ARM.attributes
                0x0000027f       0x34 ./Drivers/STM32F4xx_HAL_Driver/Src/stm32f4xx_hal_cortex.o
 .ARM.attributes
                0x000002b3       0x34 ./Drivers/STM32F4xx_HAL_Driver/Src/stm32f4xx_hal_gpio.o
 .ARM.attributes
                0x000002e7       0x34 ./Drivers/STM32F4xx_HAL_Driver/Src/stm32f4xx_hal_pwr_ex.o
 .ARM.attributes
                0x0000031b       0x34 ./Drivers/STM32F4xx_HAL_Driver/Src/stm32f4xx_hal_rcc.o
 .ARM.attributes
                0x0000034f       0x34 ./Drivers/STM32F4xx_HAL_Driver/Src/stm32f4xx_hal_rcc_ex.o
 .ARM.attributes
                0x00000383       0x34 ./Drivers/STM32F4xx_HAL_Driver/Src/stm32f4xx_hal_uart.o
 .ARM.attributes
                0x000003b7       0x34 C:/ST/STM32CubeIDE_1.13.1/STM32CubeIDE/plugins/com.st.stm32cube.ide.mcu.externaltools.gnu-tools-for-stm32.13.3.rel1.win32_1.0.0.202411081344/tools/bin/../lib/gcc/arm-none-eabi/13.3.1/../../../../arm-none-eabi/lib/thumb/v7e-m+fp/hard\libc_nano.a(libc_a-memset.o)
 .ARM.attributes
                0x000003eb       0x34 C:/ST/STM32CubeIDE_1.13.1/STM32CubeIDE/plugins/com.st.stm32cube.ide.mcu.externaltools.gnu-tools-for-stm32.13.3.rel1.win32_1.0.0.202411081344/tools/bin/../lib/gcc/arm-none-eabi/13.3.1/../../../../arm-none-eabi/lib/thumb/v7e-m+fp/hard\libc_nano.a(libc_a-init.o)
 .ARM.attributes
                0x0000041f       0x22 C:/ST/STM32CubeIDE_1.13.1/STM32CubeIDE/plugins/com.st.stm32cube.ide.mcu.externaltools.gnu-tools-for-stm32.13.3.rel1.win32_1.0.0.202411081344/tools/bin/../lib/gcc/arm-none-eabi/13.3.1/thumb/v7e-m+fp/hard\libgcc.a(_aeabi_uldivmod.o)
 .ARM.attributes
                0x00000441       0x34 C:/ST/STM32CubeIDE_1.13.1/STM32CubeIDE/plugins/com.st.stm32cube.ide.mcu.externaltools.gnu-tools-for-stm32.13.3.rel1.win32_1.0.0.202411081344/tools/bin/../lib/gcc/arm-none-eabi/13.3.1/thumb/v7e-m+fp/hard\libgcc.a(_udivmoddi4.o)
 .ARM.attributes
                0x00000475       0x22 C:/ST/STM32CubeIDE_1.13.1/STM32CubeIDE/plugins/com.st.stm32cube.ide.mcu.externaltools.gnu-tools-for-stm32.13.3.rel1.win32_1.0.0.202411081344/tools/bin/../lib/gcc/arm-none-eabi/13.3.1/thumb/v7e-m+fp/hard\libgcc.a(_dvmd_tls.o)
 .ARM.attributes
                0x00000497       0x22 C:/ST/STM32CubeIDE_1.13.1/STM32CubeIDE/plugins/com.st.stm32cube.ide.mcu.externaltools.gnu-tools-for-stm32.13.3.rel1.win32_1.0.0.202411081344/tools/bin/../lib/gcc/arm-none-eabi/13.3.1/thumb/v7e-m+fp/hard/crtn.o
OUTPUT(can.elf elf32-littlearm)
LOAD linker stubs
LOAD C:/ST/STM32CubeIDE_1.13.1/STM32CubeIDE/plugins/com.st.stm32cube.ide.mcu.externaltools.gnu-tools-for-stm32.13.3.rel1.win32_1.0.0.202411081344/tools/bin/../lib/gcc/arm-none-eabi/13.3.1/../../../../arm-none-eabi/lib/thumb/v7e-m+fp/hard\libc.a
LOAD C:/ST/STM32CubeIDE_1.13.1/STM32CubeIDE/plugins/com.st.stm32cube.ide.mcu.externaltools.gnu-tools-for-stm32.13.3.rel1.win32_1.0.0.202411081344/tools/bin/../lib/gcc/arm-none-eabi/13.3.1/../../../../arm-none-eabi/lib/thumb/v7e-m+fp/hard\libm.a
LOAD C:/ST/STM32CubeIDE_1.13.1/STM32CubeIDE/plugins/com.st.stm32cube.ide.mcu.externaltools.gnu-tools-for-stm32.13.3.rel1.win32_1.0.0.202411081344/tools/bin/../lib/gcc/arm-none-eabi/13.3.1/thumb/v7e-m+fp/hard\libgcc.a

.debug_info     0x00000000     0xb511
 .debug_info    0x00000000      0xbd5 ./Core/Src/can.o
 .debug_info    0x00000bd5      0x41d ./Core/Src/gpio.o
 .debug_info    0x00000ff2      0xc15 ./Core/Src/main.o
 .debug_info    0x00001c07      0x299 ./Core/Src/stm32f4xx_hal_msp.o
 .debug_info    0x00001ea0      0x504 ./Core/Src/stm32f4xx_it.o
 .debug_info    0x000023a4      0x54a ./Core/Src/system_stm32f4xx.o
 .debug_info    0x000028ee      0x94d ./Core/Src/usart.o
 .debug_info    0x0000323b      0xc8b ./Core/Src/vehiclefulectri.o
 .debug_info    0x00003ec6       0x30 ./Core/Startup/startup_stm32f446retx.o
 .debug_info    0x00003ef6      0x99a ./Drivers/STM32F4xx_HAL_Driver/Src/stm32f4xx_hal.o
 .debug_info    0x00004890      0xf44 ./Drivers/STM32F4xx_HAL_Driver/Src/stm32f4xx_hal_can.o
 .debug_info    0x000057d4      0xdaa ./Drivers/STM32F4xx_HAL_Driver/Src/stm32f4xx_hal_cortex.o
 .debug_info    0x0000657e      0x70b ./Drivers/STM32F4xx_HAL_Driver/Src/stm32f4xx_hal_gpio.o
 .debug_info    0x00006c89      0x6da ./Drivers/STM32F4xx_HAL_Driver/Src/stm32f4xx_hal_pwr_ex.o
 .debug_info    0x00007363      0x8ff ./Drivers/STM32F4xx_HAL_Driver/Src/stm32f4xx_hal_rcc.o
 .debug_info    0x00007c62      0x960 ./Drivers/STM32F4xx_HAL_Driver/Src/stm32f4xx_hal_rcc_ex.o
 .debug_info    0x000085c2     0x2f4f ./Drivers/STM32F4xx_HAL_Driver/Src/stm32f4xx_hal_uart.o

.debug_abbrev   0x00000000     0x208a
 .debug_abbrev  0x00000000      0x228 ./Core/Src/can.o
 .debug_abbrev  0x00000228      0x152 ./Core/Src/gpio.o
 .debug_abbrev  0x0000037a      0x261 ./Core/Src/main.o
 .debug_abbrev  0x000005db       0xd8 ./Core/Src/stm32f4xx_hal_msp.o
 .debug_abbrev  0x000006b3      0x190 ./Core/Src/stm32f4xx_it.o
 .debug_abbrev  0x00000843      0x11a ./Core/Src/system_stm32f4xx.o
 .debug_abbrev  0x0000095d      0x1f9 ./Core/Src/usart.o
 .debug_abbrev  0x00000b56      0x20c ./Core/Src/vehiclefulectri.o
 .debug_abbrev  0x00000d62       0x24 ./Core/Startup/startup_stm32f446retx.o
 .debug_abbrev  0x00000d86      0x214 ./Drivers/STM32F4xx_HAL_Driver/Src/stm32f4xx_hal.o
 .debug_abbrev  0x00000f9a      0x25a ./Drivers/STM32F4xx_HAL_Driver/Src/stm32f4xx_hal_can.o
 .debug_abbrev  0x000011f4      0x31d ./Drivers/STM32F4xx_HAL_Driver/Src/stm32f4xx_hal_cortex.o
 .debug_abbrev  0x00001511      0x1d4 ./Drivers/STM32F4xx_HAL_Driver/Src/stm32f4xx_hal_gpio.o
 .debug_abbrev  0x000016e5      0x1cf ./Drivers/STM32F4xx_HAL_Driver/Src/stm32f4xx_hal_pwr_ex.o
 .debug_abbrev  0x000018b4      0x2b7 ./Drivers/STM32F4xx_HAL_Driver/Src/stm32f4xx_hal_rcc.o
 .debug_abbrev  0x00001b6b      0x211 ./Drivers/STM32F4xx_HAL_Driver/Src/stm32f4xx_hal_rcc_ex.o
 .debug_abbrev  0x00001d7c      0x30e ./Drivers/STM32F4xx_HAL_Driver/Src/stm32f4xx_hal_uart.o

.debug_aranges  0x00000000      0x930
 .debug_aranges
                0x00000000       0x30 ./Core/Src/can.o
 .debug_aranges
                0x00000030       0x20 ./Core/Src/gpio.o
 .debug_aranges
                0x00000050       0x38 ./Core/Src/main.o
 .debug_aranges
                0x00000088       0x20 ./Core/Src/stm32f4xx_hal_msp.o
 .debug_aranges
                0x000000a8       0x68 ./Core/Src/stm32f4xx_it.o
 .debug_aranges
                0x00000110       0x28 ./Core/Src/system_stm32f4xx.o
 .debug_aranges
                0x00000138       0x30 ./Core/Src/usart.o
 .debug_aranges
                0x00000168       0x88 ./Core/Src/vehiclefulectri.o
 .debug_aranges
                0x000001f0       0x28 ./Core/Startup/startup_stm32f446retx.o
 .debug_aranges
                0x00000218       0xf0 ./Drivers/STM32F4xx_HAL_Driver/Src/stm32f4xx_hal.o
 .debug_aranges
                0x00000308      0x138 ./Drivers/STM32F4xx_HAL_Driver/Src/stm32f4xx_hal_can.o
 .debug_aranges
                0x00000440      0x130 ./Drivers/STM32F4xx_HAL_Driver/Src/stm32f4xx_hal_cortex.o
 .debug_aranges
                0x00000570       0x58 ./Drivers/STM32F4xx_HAL_Driver/Src/stm32f4xx_hal_gpio.o
 .debug_aranges
                0x000005c8       0x60 ./Drivers/STM32F4xx_HAL_Driver/Src/stm32f4xx_hal_pwr_ex.o
 .debug_aranges
                0x00000628       0x88 ./Drivers/STM32F4xx_HAL_Driver/Src/stm32f4xx_hal_rcc.o
 .debug_aranges
                0x000006b0       0x78 ./Drivers/STM32F4xx_HAL_Driver/Src/stm32f4xx_hal_rcc_ex.o
 .debug_aranges
                0x00000728      0x208 ./Drivers/STM32F4xx_HAL_Driver/Src/stm32f4xx_hal_uart.o

.debug_rnglists
                0x00000000      0x6f2
 .debug_rnglists
                0x00000000       0x21 ./Core/Src/can.o
 .debug_rnglists
                0x00000021       0x14 ./Core/Src/gpio.o
 .debug_rnglists
                0x00000035       0x27 ./Core/Src/main.o
 .debug_rnglists
                0x0000005c       0x13 ./Core/Src/stm32f4xx_hal_msp.o
 .debug_rnglists
                0x0000006f       0x49 ./Core/Src/stm32f4xx_it.o
 .debug_rnglists
                0x000000b8       0x1a ./Core/Src/system_stm32f4xx.o
 .debug_rnglists
                0x000000d2       0x20 ./Core/Src/usart.o
 .debug_rnglists
                0x000000f2       0x64 ./Core/Src/vehiclefulectri.o
 .debug_rnglists
                0x00000156       0x19 ./Core/Startup/startup_stm32f446retx.o
 .debug_rnglists
                0x0000016f       0xaf ./Drivers/STM32F4xx_HAL_Driver/Src/stm32f4xx_hal.o
 .debug_rnglists
                0x0000021e       0xee ./Drivers/STM32F4xx_HAL_Driver/Src/stm32f4xx_hal_can.o
 .debug_rnglists
                0x0000030c       0xe0 ./Drivers/STM32F4xx_HAL_Driver/Src/stm32f4xx_hal_cortex.o
 .debug_rnglists
                0x000003ec       0x3f ./Drivers/STM32F4xx_HAL_Driver/Src/stm32f4xx_hal_gpio.o
 .debug_rnglists
                0x0000042b       0x47 ./Drivers/STM32F4xx_HAL_Driver/Src/stm32f4xx_hal_pwr_ex.o
 .debug_rnglists
                0x00000472       0x66 ./Drivers/STM32F4xx_HAL_Driver/Src/stm32f4xx_hal_rcc.o
 .debug_rnglists
                0x000004d8       0x5e ./Drivers/STM32F4xx_HAL_Driver/Src/stm32f4xx_hal_rcc_ex.o
 .debug_rnglists
                0x00000536      0x1bc ./Drivers/STM32F4xx_HAL_Driver/Src/stm32f4xx_hal_uart.o

.debug_macro    0x00000000    0x21c94
 .debug_macro   0x00000000      0x1d8 ./Core/Src/can.o
 .debug_macro   0x000001d8      0xad8 ./Core/Src/can.o
 .debug_macro   0x00000cb0      0x29b ./Core/Src/can.o
 .debug_macro   0x00000f4b       0x2e ./Core/Src/can.o
 .debug_macro   0x00000f79       0x28 ./Core/Src/can.o
 .debug_macro   0x00000fa1       0x22 ./Core/Src/can.o
 .debug_macro   0x00000fc3       0x8e ./Core/Src/can.o
 .debug_macro   0x00001051       0x51 ./Core/Src/can.o
 .debug_macro   0x000010a2      0x103 ./Core/Src/can.o
 .debug_macro   0x000011a5       0x6a ./Core/Src/can.o
 .debug_macro   0x0000120f      0x1df ./Core/Src/can.o
 .debug_macro   0x000013ee       0x1c ./Core/Src/can.o
 .debug_macro   0x0000140a       0x22 ./Core/Src/can.o
 .debug_macro   0x0000142c       0xfb ./Core/Src/can.o
 .debug_macro   0x00001527     0x1011 ./Core/Src/can.o
 .debug_macro   0x00002538      0x11f ./Core/Src/can.o
 .debug_macro   0x00002657    0x1675e ./Core/Src/can.o
 .debug_macro   0x00018db5       0x6d ./Core/Src/can.o
 .debug_macro   0x00018e22     0x3693 ./Core/Src/can.o
 .debug_macro   0x0001c4b5      0x190 ./Core/Src/can.o
 .debug_macro   0x0001c645       0x5c ./Core/Src/can.o
 .debug_macro   0x0001c6a1      0xca5 ./Core/Src/can.o
 .debug_macro   0x0001d346      0x9e9 ./Core/Src/can.o
 .debug_macro   0x0001dd2f      0x115 ./Core/Src/can.o
 .debug_macro   0x0001de44      0x1a0 ./Core/Src/can.o
 .debug_macro   0x0001dfe4       0xa5 ./Core/Src/can.o
 .debug_macro   0x0001e089      0x16d ./Core/Src/can.o
 .debug_macro   0x0001e1f6      0x287 ./Core/Src/can.o
 .debug_macro   0x0001e47d       0x5f ./Core/Src/can.o
 .debug_macro   0x0001e4dc      0x236 ./Core/Src/can.o
 .debug_macro   0x0001e712      0x40f ./Core/Src/can.o
 .debug_macro   0x0001eb21      0x132 ./Core/Src/can.o
 .debug_macro   0x0001ec53      0x29c ./Core/Src/can.o
 .debug_macro   0x0001eeef       0x2e ./Core/Src/can.o
 .debug_macro   0x0001ef1d      0x127 ./Core/Src/can.o
 .debug_macro   0x0001f044       0xe8 ./Core/Src/can.o
 .debug_macro   0x0001f12c       0x89 ./Core/Src/can.o
 .debug_macro   0x0001f1b5      0x2aa ./Core/Src/can.o
 .debug_macro   0x0001f45f      0x126 ./Core/Src/can.o
 .debug_macro   0x0001f585      0x1d8 ./Core/Src/gpio.o
 .debug_macro   0x0001f75d      0x2d2 ./Core/Src/main.o
 .debug_macro   0x0001fa2f       0x61 ./Core/Src/main.o
 .debug_macro   0x0001fa90       0x2a ./Core/Src/main.o
 .debug_macro   0x0001faba       0x43 ./Core/Src/main.o
 .debug_macro   0x0001fafd       0x34 ./Core/Src/main.o
 .debug_macro   0x0001fb31       0x16 ./Core/Src/main.o
 .debug_macro   0x0001fb47       0x3c ./Core/Src/main.o
 .debug_macro   0x0001fb83      0x370 ./Core/Src/main.o
 .debug_macro   0x0001fef3       0x10 ./Core/Src/main.o
 .debug_macro   0x0001ff03       0x16 ./Core/Src/main.o
 .debug_macro   0x0001ff19       0x4a ./Core/Src/main.o
 .debug_macro   0x0001ff63       0x34 ./Core/Src/main.o
 .debug_macro   0x0001ff97       0x10 ./Core/Src/main.o
 .debug_macro   0x0001ffa7       0x58 ./Core/Src/main.o
 .debug_macro   0x0001ffff       0x8e ./Core/Src/main.o
 .debug_macro   0x0002008d       0x1c ./Core/Src/main.o
 .debug_macro   0x000200a9      0x185 ./Core/Src/main.o
 .debug_macro   0x0002022e       0x16 ./Core/Src/main.o
 .debug_macro   0x00020244       0x16 ./Core/Src/main.o
 .debug_macro   0x0002025a      0x146 ./Core/Src/main.o
 .debug_macro   0x000203a0      0x1ce ./Core/Src/stm32f4xx_hal_msp.o
 .debug_macro   0x0002056e      0x1d8 ./Core/Src/stm32f4xx_it.o
 .debug_macro   0x00020746      0x1c4 ./Core/Src/system_stm32f4xx.o
 .debug_macro   0x0002090a      0x1d8 ./Core/Src/usart.o
 .debug_macro   0x00020ae2      0x2b0 ./Core/Src/vehiclefulectri.o
 .debug_macro   0x00020d92       0x10 ./Core/Src/vehiclefulectri.o
 .debug_macro   0x00020da2       0x20 ./Core/Src/vehiclefulectri.o
 .debug_macro   0x00020dc2      0x224 ./Drivers/STM32F4xx_HAL_Driver/Src/stm32f4xx_hal.o
 .debug_macro   0x00020fe6      0x1d3 ./Drivers/STM32F4xx_HAL_Driver/Src/stm32f4xx_hal_can.o
 .debug_macro   0x000211b9      0x1c4 ./Drivers/STM32F4xx_HAL_Driver/Src/stm32f4xx_hal_cortex.o
 .debug_macro   0x0002137d      0x1ca ./Drivers/STM32F4xx_HAL_Driver/Src/stm32f4xx_hal_gpio.o
 .debug_macro   0x00021547      0x1dc ./Drivers/STM32F4xx_HAL_Driver/Src/stm32f4xx_hal_pwr_ex.o
 .debug_macro   0x00021723      0x1e8 ./Drivers/STM32F4xx_HAL_Driver/Src/stm32f4xx_hal_rcc.o
 .debug_macro   0x0002190b      0x1c4 ./Drivers/STM32F4xx_HAL_Driver/Src/stm32f4xx_hal_rcc_ex.o
 .debug_macro   0x00021acf      0x1c5 ./Drivers/STM32F4xx_HAL_Driver/Src/stm32f4xx_hal_uart.o

.debug_line     0x00000000     0xc9c9
 .debug_line    0x00000000      0x7ca ./Core/Src/can.o
 .debug_line    0x000007ca      0x745 ./Core/Src/gpio.o
 .debug_line    0x00000f0f      0x992 ./Core/Src/main.o
 .debug_line    0x000018a1      0x72c ./Core/Src/stm32f4xx_hal_msp.o
 .debug_line    0x00001fcd      0x7f3 ./Core/Src/stm32f4xx_it.o
 .debug_line    0x000027c0      0x7a2 ./Core/Src/system_stm32f4xx.o
 .debug_line    0x00002f62      0x79a ./Core/Src/usart.o
 .debug_line    0x000036fc      0xbf4 ./Core/Src/vehiclefulectri.o
 .debug_line    0x000042f0       0x7a ./Core/Startup/startup_stm32f446retx.o
 .debug_line    0x0000436a      0xa1e ./Drivers/STM32F4xx_HAL_Driver/Src/stm32f4xx_hal.o
 .debug_line    0x00004d88     0x11dd ./Drivers/STM32F4xx_HAL_Driver/Src/stm32f4xx_hal_can.o
 .debug_line    0x00005f65      0xcee ./Drivers/STM32F4xx_HAL_Driver/Src/stm32f4xx_hal_cortex.o
 .debug_line    0x00006c53      0xb62 ./Drivers/STM32F4xx_HAL_Driver/Src/stm32f4xx_hal_gpio.o
 .debug_line    0x000077b5      0x98b ./Drivers/STM32F4xx_HAL_Driver/Src/stm32f4xx_hal_pwr_ex.o
 .debug_line    0x00008140      0xe39 ./Drivers/STM32F4xx_HAL_Driver/Src/stm32f4xx_hal_rcc.o
 .debug_line    0x00008f79     0x14ea ./Drivers/STM32F4xx_HAL_Driver/Src/stm32f4xx_hal_rcc_ex.o
 .debug_line    0x0000a463     0x2566 ./Drivers/STM32F4xx_HAL_Driver/Src/stm32f4xx_hal_uart.o

.debug_str      0x00000000    0xcb117
 .debug_str     0x00000000    0xcb117 ./Core/Src/can.o
                              0xc5207 (size before relaxing)
 .debug_str     0x000cb117    0xc4919 ./Core/Src/gpio.o
 .debug_str     0x000cb117    0xc85f2 ./Core/Src/main.o
 .debug_str     0x000cb117    0xc484e ./Core/Src/stm32f4xx_hal_msp.o
 .debug_str     0x000cb117    0xc4a76 ./Core/Src/stm32f4xx_it.o
 .debug_str     0x000cb117    0xc48fe ./Core/Src/system_stm32f4xx.o
 .debug_str     0x000cb117    0xc4dd6 ./Core/Src/usart.o
 .debug_str     0x000cb117    0xc812f ./Core/Src/vehiclefulectri.o
 .debug_str     0x000cb117       0x58 ./Core/Startup/startup_stm32f446retx.o
 .debug_str     0x000cb117    0xc54c3 ./Drivers/STM32F4xx_HAL_Driver/Src/stm32f4xx_hal.o
 .debug_str     0x000cb117    0xc4fd3 ./Drivers/STM32F4xx_HAL_Driver/Src/stm32f4xx_hal_can.o
 .debug_str     0x000cb117    0xc521a ./Drivers/STM32F4xx_HAL_Driver/Src/stm32f4xx_hal_cortex.o
 .debug_str     0x000cb117    0xc4a79 ./Drivers/STM32F4xx_HAL_Driver/Src/stm32f4xx_hal_gpio.o
 .debug_str     0x000cb117    0xc4ad6 ./Drivers/STM32F4xx_HAL_Driver/Src/stm32f4xx_hal_pwr_ex.o
 .debug_str     0x000cb117    0xc4d37 ./Drivers/STM32F4xx_HAL_Driver/Src/stm32f4xx_hal_rcc.o
 .debug_str     0x000cb117    0xc4d6a ./Drivers/STM32F4xx_HAL_Driver/Src/stm32f4xx_hal_rcc_ex.o
 .debug_str     0x000cb117    0xc52ee ./Drivers/STM32F4xx_HAL_Driver/Src/stm32f4xx_hal_uart.o

.comment        0x00000000       0x43
 .comment       0x00000000       0x43 ./Core/Src/can.o
                                 0x44 (size before relaxing)
 .comment       0x00000043       0x44 ./Core/Src/gpio.o
 .comment       0x00000043       0x44 ./Core/Src/main.o
 .comment       0x00000043       0x44 ./Core/Src/stm32f4xx_hal_msp.o
 .comment       0x00000043       0x44 ./Core/Src/stm32f4xx_it.o
 .comment       0x00000043       0x44 ./Core/Src/system_stm32f4xx.o
 .comment       0x00000043       0x44 ./Core/Src/usart.o
 .comment       0x00000043       0x44 ./Core/Src/vehiclefulectri.o
 .comment       0x00000043       0x44 ./Drivers/STM32F4xx_HAL_Driver/Src/stm32f4xx_hal.o
 .comment       0x00000043       0x44 ./Drivers/STM32F4xx_HAL_Driver/Src/stm32f4xx_hal_can.o
 .comment       0x00000043       0x44 ./Drivers/STM32F4xx_HAL_Driver/Src/stm32f4xx_hal_cortex.o
 .comment       0x00000043       0x44 ./Drivers/STM32F4xx_HAL_Driver/Src/stm32f4xx_hal_gpio.o
 .comment       0x00000043       0x44 ./Drivers/STM32F4xx_HAL_Driver/Src/stm32f4xx_hal_pwr_ex.o
 .comment       0x00000043       0x44 ./Drivers/STM32F4xx_HAL_Driver/Src/stm32f4xx_hal_rcc.o
 .comment       0x00000043       0x44 ./Drivers/STM32F4xx_HAL_Driver/Src/stm32f4xx_hal_rcc_ex.o
 .comment       0x00000043       0x44 ./Drivers/STM32F4xx_HAL_Driver/Src/stm32f4xx_hal_uart.o

.debug_frame    0x00000000     0x23f8
 .debug_frame   0x00000000       0x7c ./Core/Src/can.o
 .debug_frame   0x0000007c       0x34 ./Core/Src/gpio.o
 .debug_frame   0x000000b0       0x8c ./Core/Src/main.o
 .debug_frame   0x0000013c       0x38 ./Core/Src/stm32f4xx_hal_msp.o
 .debug_frame   0x00000174      0x120 ./Core/Src/stm32f4xx_it.o
 .debug_frame   0x00000294       0x58 ./Core/Src/system_stm32f4xx.o
 .debug_frame   0x000002ec       0x74 ./Core/Src/usart.o
 .debug_frame   0x00000360      0x208 ./Core/Src/vehiclefulectri.o
 .debug_frame   0x00000568      0x374 ./Drivers/STM32F4xx_HAL_Driver/Src/stm32f4xx_hal.o
 .debug_frame   0x000008dc      0x5a0 ./Drivers/STM32F4xx_HAL_Driver/Src/stm32f4xx_hal_can.o
 .debug_frame   0x00000e7c      0x508 ./Drivers/STM32F4xx_HAL_Driver/Src/stm32f4xx_hal_cortex.o
 .debug_frame   0x00001384      0x14c ./Drivers/STM32F4xx_HAL_Driver/Src/stm32f4xx_hal_gpio.o
 .debug_frame   0x000014d0      0x14c ./Drivers/STM32F4xx_HAL_Driver/Src/stm32f4xx_hal_pwr_ex.o
 .debug_frame   0x0000161c      0x1f4 ./Drivers/STM32F4xx_HAL_Driver/Src/stm32f4xx_hal_rcc.o
 .debug_frame   0x00001810      0x1e8 ./Drivers/STM32F4xx_HAL_Driver/Src/stm32f4xx_hal_rcc_ex.o
 .debug_frame   0x000019f8      0x954 ./Drivers/STM32F4xx_HAL_Driver/Src/stm32f4xx_hal_uart.o
 .debug_frame   0x0000234c       0x20 C:/ST/STM32CubeIDE_1.13.1/STM32CubeIDE/plugins/com.st.stm32cube.ide.mcu.externaltools.gnu-tools-for-stm32.13.3.rel1.win32_1.0.0.202411081344/tools/bin/../lib/gcc/arm-none-eabi/13.3.1/../../../../arm-none-eabi/lib/thumb/v7e-m+fp/hard\libc_nano.a(libc_a-memset.o)
 .debug_frame   0x0000236c       0x2c C:/ST/STM32CubeIDE_1.13.1/STM32CubeIDE/plugins/com.st.stm32cube.ide.mcu.externaltools.gnu-tools-for-stm32.13.3.rel1.win32_1.0.0.202411081344/tools/bin/../lib/gcc/arm-none-eabi/13.3.1/../../../../arm-none-eabi/lib/thumb/v7e-m+fp/hard\libc_nano.a(libc_a-init.o)
 .debug_frame   0x00002398       0x2c C:/ST/STM32CubeIDE_1.13.1/STM32CubeIDE/plugins/com.st.stm32cube.ide.mcu.externaltools.gnu-tools-for-stm32.13.3.rel1.win32_1.0.0.202411081344/tools/bin/../lib/gcc/arm-none-eabi/13.3.1/thumb/v7e-m+fp/hard\libgcc.a(_aeabi_uldivmod.o)
 .debug_frame   0x000023c4       0x34 C:/ST/STM32CubeIDE_1.13.1/STM32CubeIDE/plugins/com.st.stm32cube.ide.mcu.externaltools.gnu-tools-for-stm32.13.3.rel1.win32_1.0.0.202411081344/tools/bin/../lib/gcc/arm-none-eabi/13.3.1/thumb/v7e-m+fp/hard\libgcc.a(_udivmoddi4.o)

.debug_line_str
                0x00000000       0x3c
 .debug_line_str
                0x00000000       0x3c ./Core/Startup/startup_stm32f446retx.o
