../Core/Src/vehiclefulectri.c:29:6:sendMotionStatusToNodeA	48	static
../Core/Src/vehiclefulectri.c:46:6:sendFuelEconomyMessage	56	static
../Core/Src/vehiclefulectri.c:62:6:sendEngineStatusMessage	48	static
../Core/Src/vehiclefulectri.c:79:6:sendSystemStatusMessage	56	static
../Core/Src/vehiclefulectri.c:94:6:sendFuelStatusMessage	56	static
../Core/Src/vehiclefulectri.c:110:6:sendBatteryStatusMessage	56	static
../Core/Src/vehiclefulectri.c:127:6:sendNavigationStatusMessage	56	static
../Core/Src/vehiclefulectri.c:143:6:sendClimatControlMessage	56	static
../Core/Src/vehiclefulectri.c:159:6:sendTireStatusMessage	56	static
../Core/Src/vehiclefulectri.c:175:6:FuelEconomy_Ctrl	24	static
../Core/Src/vehiclefulectri.c:198:6:EngineHealth_Ctrl	24	static
../Core/Src/vehiclefulectri.c:213:6:FuelStatus_Status	16	static
../Core/Src/vehiclefulectri.c:237:6:BatteryStatus_Status	16	static
../Core/Src/vehiclefulectri.c:263:6:ClimatControl_Status	24	static
../Core/Src/vehiclefulectri.c:282:6:NavigationStatus_Status	16	static
../Core/Src/vehiclefulectri.c:300:6:TireStatus_Status	16	static
../Core/Src/vehiclefulectri.c:323:6:decodeEngineFrame	24	static
../Core/Src/vehiclefulectri.c:336:6:decodeFuelFrame	24	static
../Core/Src/vehiclefulectri.c:349:6:decodeBatteryFrame	24	static
../Core/Src/vehiclefulectri.c:360:6:decodeClimateFrame	24	static
../Core/Src/vehiclefulectri.c:418:6:handleCANRxMessage	40	static
../Core/Src/vehiclefulectri.c:485:6:handleSystemStatusFrame	80	static
